<html>
<body>
<pre>
<h1>µVision Build Log</h1>
<h2>Project:</h2>
C:\Users\dell\Desktop\rt-thread-1.2.1-k60\branches\rt-thread-1.2.1-k60\bsp\kinetis_k60\project.uvproj
Project File Date:  07/08/2014

<h2>Output:</h2>
Build target 'rt-thread_k60'
compiling application.c...
compiling startup.c...
compiling thread_sleep.c...
compiling board.c...
compiling serial.c...
drivers\serial.c(182): warning:  #550-D: variable "uart" was set but never used
compiling usart.c...
compiling kinetis_k60_it.c...
compiling system_MK60D10.c...
compiling clock.c...
compiling device.c...
compiling idle.c...
compiling ipc.c...
compiling irq.c...
compiling kservice.c...
compiling mem.c...
compiling memheap.c...
compiling mempool.c...
compiling object.c...
compiling scheduler.c...
compiling thread.c...
compiling timer.c...
compiling cpuport.c...
compiling backtrace.c...
compiling showmem.c...
compiling cmd.c...
compiling finsh_compiler.c...
compiling finsh_error.c...
compiling finsh_heap.c...
compiling finsh_init.c...
compiling finsh_node.c...
compiling finsh_ops.c...
compiling finsh_parser.c...
compiling finsh_token.c...
compiling finsh_var.c...
compiling finsh_vm.c...
compiling shell.c...
compiling symbol.c...
linking...
Program Size: Code=42982 RO-data=4898 RW-data=440 ZI-data=7184  
FromELF: creating hex file...
".\build\rtthread-stm32f4xx.axf" - 0 Error(s), 1 Warning(s).
Build target 'rt-thread_k60'
compiling application.c...
compiling startup.c...
compiling thread_sleep.c...
compiling board.c...
compiling serial.c...
drivers\serial.c(182): warning:  #550-D: variable "uart" was set but never used
compiling usart.c...
compiling kinetis_k60_it.c...
compiling system_MK60D10.c...
compiling clock.c...
compiling device.c...
compiling idle.c...
compiling ipc.c...
compiling irq.c...
compiling kservice.c...
compiling mem.c...
compiling memheap.c...
compiling mempool.c...
compiling object.c...
compiling scheduler.c...
compiling thread.c...
compiling timer.c...
compiling cpuport.c...
compiling backtrace.c...
compiling div0.c...
compiling showmem.c...
compiling cmd.c...
compiling finsh_compiler.c...
compiling finsh_error.c...
compiling finsh_heap.c...
compiling finsh_init.c...
compiling finsh_node.c...
compiling finsh_ops.c...
compiling finsh_parser.c...
compiling finsh_token.c...
compiling finsh_var.c...
compiling finsh_vm.c...
compiling shell.c...
compiling symbol.c...
linking...
Program Size: Code=42982 RO-data=4898 RW-data=440 ZI-data=7184  
FromELF: creating hex file...
".\build\rtthread-stm32f4xx.axf" - 0 Error(s), 1 Warning(s).
Build target 'rt-thread_k60'
linking...
Program Size: Code=42982 RO-data=4898 RW-data=440 ZI-data=7184  
FromELF: creating hex file...
".\build\rtthread-stm32f4xx.axf" - 0 Error(s), 0 Warning(s).
Load "C:\\Users\\dell\\Desktop\\rt-thread-1.2.1-k60\\branches\\rt-thread-1.2.1-k60\\bsp\\kinetis_k60\\build\\rtthread-stm32f4xx.AXF" 
* JLink Info: Device "MK60DN512XXX10" selected (512 KB flash, 128 KB RAM).
Set JLink Project File to "C:\Users\dell\Desktop\rt-thread-1.2.1-k60\branches\rt-thread-1.2.1-k60\bsp\kinetis_k60\JLinkSettings.ini"
 
JLink info:
------------
DLL: V4.50j, compiled Jun 26 2012 09:19:07
Firmware: J-Link ARM V8 compiled Jan 31 2018 18:34:52
Hardware: V8.00
S/N : 20080643 
Feature(s) : RDI,FlashDL,FlashBP,JFlash,GDBFull 
 
* JLink Info: Found SWD-DP with ID 0x2BA01477
* JLink Info: TPIU fitted.
* JLink Info: ETM fitted.
* JLink Info: ETB present.
* JLink Info: CSTF present.
* JLink Info: FPUnit: 6 code (BP) slots and 2 literal slots
* JLink Info: Found Cortex-M4 r0p0, Little endian.
Found SWD-DP with ID 0x2BA01477
Unlocking device...
ROMTableAddr = 0xE00FF003
**JLink Warning: S_RESET_ST not cleared
 
Target info:
------------
Device: MK60DN512xxx10
VTarget = 3.313V
State of Pins: 
TCK: 0, TDI: 1, TDO: 0, TMS: 0, TRES: 1, TRST: 1
Hardware-Breakpoints: 6
Software-Breakpoints: 8192
Watchpoints:          4
JTAG speed: 2000 kHz
 
Erase Done.
Programming Done.
Verify OK.
Application running ...
Build target 'rt-thread_k60'
linking...
Program Size: Code=43010 RO-data=4930 RW-data=440 ZI-data=7192  
FromELF: creating hex file...
".\build\rtthread-stm32f4xx.axf" - 0 Error(s), 0 Warning(s).
Build target 'rt-thread_k60'
linking...
Program Size: Code=43010 RO-data=4930 RW-data=440 ZI-data=7192  
FromELF: creating hex file...
".\build\rtthread-stm32f4xx.axf" - 0 Error(s), 0 Warning(s).
Load "C:\\Users\\dell\\Desktop\\rt-thread-1.2.1-k60\\branches\\rt-thread-1.2.1-k60\\bsp\\kinetis_k60\\build\\rtthread-stm32f4xx.AXF" 
* JLink Info: Device "MK60DN512XXX10" selected (512 KB flash, 128 KB RAM).
Set JLink Project File to "C:\Users\dell\Desktop\rt-thread-1.2.1-k60\branches\rt-thread-1.2.1-k60\bsp\kinetis_k60\JLinkSettings.ini"
 
JLink info:
------------
DLL: V4.50j, compiled Jun 26 2012 09:19:07
Firmware: J-Link ARM V8 compiled Jan 31 2018 18:34:52
Hardware: V8.00
S/N : 20080643 
Feature(s) : RDI,FlashDL,FlashBP,JFlash,GDBFull 
 
* JLink Info: Found SWD-DP with ID 0x2BA01477
* JLink Info: TPIU fitted.
* JLink Info: ETM fitted.
* JLink Info: ETB present.
* JLink Info: CSTF present.
* JLink Info: FPUnit: 6 code (BP) slots and 2 literal slots
* JLink Info: Found Cortex-M4 r0p0, Little endian.
Found SWD-DP with ID 0x2BA01477
Unlocking device...
ROMTableAddr = 0xE00FF003
**JLink Warning: S_RESET_ST not cleared
 
Target info:
------------
Device: MK60DN512xxx10
VTarget = 3.306V
State of Pins: 
TCK: 0, TDI: 1, TDO: 0, TMS: 0, TRES: 1, TRST: 1
Hardware-Breakpoints: 6
Software-Breakpoints: 8192
Watchpoints:          4
JTAG speed: 2000 kHz
 
Erase Done.
Programming Done.
Verify OK.
Application running ...
Build target 'rt-thread_k60'
compiling application.c...
compiling startup.c...
compiling board.c...
compiling usart.c...
compiling kinetis_k60_it.c...
linking...
Program Size: Code=43014 RO-data=4930 RW-data=440 ZI-data=7192  
FromELF: creating hex file...
".\build\rtthread-stm32f4xx.axf" - 0 Error(s), 0 Warning(s).
Build target 'rt-thread_k60'
linking...
Program Size: Code=43014 RO-data=4930 RW-data=440 ZI-data=7192  
FromELF: creating hex file...
".\build\rtthread-stm32f4xx.axf" - 0 Error(s), 0 Warning(s).
Load "C:\\Users\\dell\\Desktop\\rt-thread-1.2.1-k60\\branches\\rt-thread-1.2.1-k60\\bsp\\kinetis_k60\\build\\rtthread-stm32f4xx.AXF" 
* JLink Info: Device "MK60DN512XXX10" selected (512 KB flash, 128 KB RAM).
Set JLink Project File to "C:\Users\dell\Desktop\rt-thread-1.2.1-k60\branches\rt-thread-1.2.1-k60\bsp\kinetis_k60\JLinkSettings.ini"
 
JLink info:
------------
DLL: V4.50j, compiled Jun 26 2012 09:19:07
Firmware: J-Link ARM V8 compiled Jan 31 2018 18:34:52
Hardware: V8.00
S/N : 20080643 
Feature(s) : RDI,FlashDL,FlashBP,JFlash,GDBFull 
 
* JLink Info: Found SWD-DP with ID 0x2BA01477
* JLink Info: TPIU fitted.
* JLink Info: ETM fitted.
* JLink Info: ETB present.
* JLink Info: CSTF present.
* JLink Info: FPUnit: 6 code (BP) slots and 2 literal slots
* JLink Info: Found Cortex-M4 r0p0, Little endian.
Found SWD-DP with ID 0x2BA01477
Unlocking device...
ROMTableAddr = 0xE00FF003
**JLink Warning: S_RESET_ST not cleared
 
Target info:
------------
Device: MK60DN512xxx10
VTarget = 3.306V
State of Pins: 
TCK: 0, TDI: 1, TDO: 0, TMS: 0, TRES: 1, TRST: 1
Hardware-Breakpoints: 6
Software-Breakpoints: 8192
Watchpoints:          4
JTAG speed: 2000 kHz
 
Erase Done.
Programming Done.
Verify OK.
Application running ...
