<html>
<body>
<pre>
<h1>µVision Build Log</h1>
<h2>Project:</h2>
E:\RT-Thread_1.2.1\bsp\kinetis_k60\project.uvproj
Project File Date:  07/07/2014

<h2>Output:</h2>
Build target 'rt-thread_k60'
compiling startup.c...
linking...
Program Size: Code=42982 RO-data=4898 RW-data=440 ZI-data=7184  
FromELF: creating hex file...
".\build\rtthread-stm32f4xx.axf" - 0 Error(s), 0 Warning(s).
Build target 'rt-thread_k60'
linking...
Program Size: Code=42982 RO-data=4898 RW-data=440 ZI-data=7184  
FromELF: creating hex file...
".\build\rtthread-stm32f4xx.axf" - 0 Error(s), 0 Warning(s).
